Command line invocation:
    /Applications/Xcode.app/Contents/Developer/usr/bin/xcodebuild -project DeskPetPomodoro.xcodeproj -scheme DeskPetPomodoro -configuration Debug build CODE_SIGN_IDENTITY= CODE_SIGNING_REQUIRED=NO

Build settings from command line:
    CODE_SIGN_IDENTITY = 
    CODE_SIGNING_REQUIRED = NO

2026-09-10 14:23:29.440 xcodebuild[27792:1248962] [MT] IDERunDestination: Supported platforms for the buildables in the current scheme is empty.
--- xcodebuild: WARNING: Using the first of multiple matching destinations:
{ platform:macOS, arch:arm64, id:00008132-000210163E8B801C, name:My Mac }
{ platform:macOS, arch:x86_64, id:00008132-000210163E8B801C, name:My Mac }
{ platform:macOS, name:Any Mac }
note: Using codesigning identity override: 
ComputePackagePrebuildTargetDependencyGraph

Prepare packages

CreateBuildRequest

SendProjectDescription

CreateBuildOperation

ComputeTargetDependencyGraph
note: Building targets in dependency order
note: Target dependency graph (1 target)
    Target 'DeskPetPomodoro' in project 'DeskPetPomodoro' (no dependencies)

GatherProvisioningInputs

CreateBuildDescription

ExecuteExternalTool /Applications/Xcode.app/Contents/Developer/Toolchains/XcodeDefault.xctoolchain/usr/bin/clang -v -E -dM -isysroot /Applications/Xcode.app/Contents/Developer/Platforms/MacOSX.platform/Developer/SDKs/MacOSX26.5.sdk -x c -c /dev/null

ExecuteExternalTool /Applications/Xcode.app/Contents/Developer/usr/bin/actool --version --output-format xml1

ExecuteExternalTool /Applications/Xcode.app/Contents/Developer/Toolchains/XcodeDefault.xctoolchain/usr/bin/swiftc --version

ExecuteExternalTool /Applications/Xcode.app/Contents/Developer/Toolchains/XcodeDefault.xctoolchain/usr/bin/ld -version_details

Build description signature: b81a94d5e63e8f19fe7f1e9ae787396c
Build description path: /Users/priyamusale/Library/Developer/Xcode/DerivedData/DeskPetPomodoro-hldzvsefbkeirhctbamnfdlhnjed/Build/Intermediates.noindex/XCBuildData/b81a94d5e63e8f19fe7f1e9ae787396c.xcbuilddata
ClangStatCache /Applications/Xcode.app/Contents/Developer/Toolchains/XcodeDefault.xctoolchain/usr/bin/clang-stat-cache /Applications/Xcode.app/Contents/Developer/Platforms/MacOSX.platform/Developer/SDKs/MacOSX26.5.sdk /Users/priyamusale/Library/Developer/Xcode/DerivedData/SDKStatCaches.noindex/macosx26.5-25F70-e082c4a02f00227109f4ed75e425c832.sdkstatcache
    cd /Users/priyamusale/Documents/virtualpet/DeskPetPomodoro/DeskPetPomodoro.xcodeproj
    /Applications/Xcode.app/Contents/Developer/Toolchains/XcodeDefault.xctoolchain/usr/bin/clang-stat-cache /Applications/Xcode.app/Contents/Developer/Platforms/MacOSX.platform/Developer/SDKs/MacOSX26.5.sdk -o /Users/priyamusale/Library/Developer/Xcode/DerivedData/SDKStatCaches.noindex/macosx26.5-25F70-e082c4a02f00227109f4ed75e425c832.sdkstatcache

ProcessInfoPlistFile /Users/priyamusale/Library/Developer/Xcode/DerivedData/DeskPetPomodoro-hldzvsefbkeirhctbamnfdlhnjed/Build/Products/Debug/DeskPetPomodoro.app/Contents/Info.plist /Users/priyamusale/Documents/virtualpet/DeskPetPomodoro/DeskPetPomodoro/Info.plist (in target 'DeskPetPomodoro' from project 'DeskPetPomodoro')
    cd /Users/priyamusale/Documents/virtualpet/DeskPetPomodoro
    builtin-infoPlistUtility /Users/priyamusale/Documents/virtualpet/DeskPetPomodoro/DeskPetPomodoro/Info.plist -producttype com.apple.product-type.application -genpkginfo /Users/priyamusale/Library/Developer/Xcode/DerivedData/DeskPetPomodoro-hldzvsefbkeirhctbamnfdlhnjed/Build/Products/Debug/DeskPetPomodoro.app/Contents/PkgInfo -expandbuildsettings -platform macosx -additionalcontentfile /Users/priyamusale/Library/Developer/Xcode/DerivedData/DeskPetPomodoro-hldzvsefbkeirhctbamnfdlhnjed/Build/Intermediates.noindex/DeskPetPomodoro.build/Debug/DeskPetPomodoro.build/assetcatalog_generated_info.plist -o /Users/priyamusale/Library/Developer/Xcode/DerivedData/DeskPetPomodoro-hldzvsefbkeirhctbamnfdlhnjed/Build/Products/Debug/DeskPetPomodoro.app/Contents/Info.plist

SwiftDriver DeskPetPomodoro normal arm64 com.apple.xcode.tools.swift.compiler (in target 'DeskPetPomodoro' from project 'DeskPetPomodoro')
    cd /Users/priyamusale/Documents/virtualpet/DeskPetPomodoro
    builtin-SwiftDriver -- /Applications/Xcode.app/Contents/Developer/Toolchains/XcodeDefault.xctoolchain/usr/bin/swiftc -module-name DeskPetPomodoro -Onone @/Users/priyamusale/Library/Developer/Xcode/DerivedData/DeskPetPomodoro-hldzvsefbkeirhctbamnfdlhnjed/Build/Intermediates.noindex/DeskPetPomodoro.build/Debug/DeskPetPomodoro.build/Objects-normal/arm64/DeskPetPomodoro.SwiftFileList -DDEBUG -enable-bare-slash-regex -enable-experimental-feature DebugDescriptionMacro -sdk /Applications/Xcode.app/Contents/Developer/Platforms/MacOSX.platform/Developer/SDKs/MacOSX26.5.sdk -target arm64-apple-macos14.0 -g -module-cache-path /Users/priyamusale/Library/Developer/Xcode/DerivedData/ModuleCache.noindex -Xfrontend -serialize-debugging-options -enable-testing -index-store-path /Users/priyamusale/Library/Developer/Xcode/DerivedData/DeskPetPomodoro-hldzvsefbkeirhctbamnfdlhnjed/Index.noindex/DataStore -Xcc -D_LIBCPP_HARDENING_MODE\=_LIBCPP_HARDENING_MODE_DEBUG -swift-version 5 -I /Users/priyamusale/Library/Developer/Xcode/DerivedData/DeskPetPomodoro-hldzvsefbkeirhctbamnfdlhnjed/Build/Products/Debug -F /Users/priyamusale/Library/Developer/Xcode/DerivedData/DeskPetPomodoro-hldzvsefbkeirhctbamnfdlhnjed/Build/Products/Debug -c -j10 -enable-batch-mode -incremental -Xcc -ivfsstatcache -Xcc /Users/priyamusale/Library/Developer/Xcode/DerivedData/SDKStatCaches.noindex/macosx26.5-25F70-e082c4a02f00227109f4ed75e425c832.sdkstatcache -output-file-map /Users/priyamusale/Library/Developer/Xcode/DerivedData/DeskPetPomodoro-hldzvsefbkeirhctbamnfdlhnjed/Build/Intermediates.noindex/DeskPetPomodoro.build/Debug/DeskPetPomodoro.build/Objects-normal/arm64/DeskPetPomodoro-OutputFileMap.json -use-frontend-parseable-output -save-temps -no-color-diagnostics -explicit-module-build -module-cache-path /Users/priyamusale/Library/Developer/Xcode/DerivedData/DeskPetPomodoro-hldzvsefbkeirhctbamnfdlhnjed/Build/Intermediates.noindex/SwiftExplicitPrecompiledModules -clang-scanner-module-cache-path /Users/priyamusale/Library/Developer/Xcode/DerivedData/ModuleCache.noindex -sdk-module-cache-path /Users/priyamusale/Library/Developer/Xcode/DerivedData/ModuleCache.noindex -serialize-diagnostics -emit-dependencies -emit-module -emit-module-path /Users/priyamusale/Library/Developer/Xcode/DerivedData/DeskPetPomodoro-hldzvsefbkeirhctbamnfdlhnjed/Build/Intermediates.noindex/DeskPetPomodoro.build/Debug/DeskPetPomodoro.build/Objects-normal/arm64/DeskPetPomodoro.swiftmodule -validate-clang-modules-once -clang-build-session-file /Users/priyamusale/Library/Developer/Xcode/DerivedData/ModuleCache.noindex/Session.modulevalidation -Xcc -I/Users/priyamusale/Library/Developer/Xcode/DerivedData/DeskPetPomodoro-hldzvsefbkeirhctbamnfdlhnjed/Build/Intermediates.noindex/DeskPetPomodoro.build/Debug/DeskPetPomodoro.build/swift-overrides.hmap -emit-const-values -Xfrontend -const-gather-protocols-file -Xfrontend /Users/priyamusale/Library/Developer/Xcode/DerivedData/DeskPetPomodoro-hldzvsefbkeirhctbamnfdlhnjed/Build/Intermediates.noindex/DeskPetPomodoro.build/Debug/DeskPetPomodoro.build/Objects-normal/arm64/DeskPetPomodoro_const_extract_protocols.json -Xcc -iquote -Xcc /Users/priyamusale/Library/Developer/Xcode/DerivedData/DeskPetPomodoro-hldzvsefbkeirhctbamnfdlhnjed/Build/Intermediates.noindex/DeskPetPomodoro.build/Debug/DeskPetPomodoro.build/DeskPetPomodoro-generated-files.hmap -Xcc -I/Users/priyamusale/Library/Developer/Xcode/DerivedData/DeskPetPomodoro-hldzvsefbkeirhctbamnfdlhnjed/Build/Intermediates.noindex/DeskPetPomodoro.build/Debug/DeskPetPomodoro.build/DeskPetPomodoro-own-target-headers.hmap -Xcc -I/Users/priyamusale/Library/Developer/Xcode/DerivedData/DeskPetPomodoro-hldzvsefbkeirhctbamnfdlhnjed/Build/Intermediates.noindex/DeskPetPomodoro.build/Debug/DeskPetPomodoro.build/DeskPetPomodoro-all-target-headers.hmap -Xcc -iquote -Xcc /Users/priyamusale/Library/Developer/Xcode/DerivedData/DeskPetPomodoro-hldzvsefbkeirhctbamnfdlhnjed/Build/Intermediates.noindex/DeskPetPomodoro.build/Debug/DeskPetPomodoro.build/DeskPetPomodoro-project-headers.hmap -Xcc -I/Users/priyamusale/Library/Developer/Xcode/DerivedData/DeskPetPomodoro-hldzvsefbkeirhctbamnfdlhnjed/Build/Products/Debug/include -Xcc -I/Users/priyamusale/Library/Developer/Xcode/DerivedData/DeskPetPomodoro-hldzvsefbkeirhctbamnfdlhnjed/Build/Intermediates.noindex/DeskPetPomodoro.build/Debug/DeskPetPomodoro.build/DerivedSources-normal/arm64 -Xcc -I/Users/priyamusale/Library/Developer/Xcode/DerivedData/DeskPetPomodoro-hldzvsefbkeirhctbamnfdlhnjed/Build/Intermediates.noindex/DeskPetPomodoro.build/Debug/DeskPetPomodoro.build/DerivedSources/arm64 -Xcc -I/Users/priyamusale/Library/Developer/Xcode/DerivedData/DeskPetPomodoro-hldzvsefbkeirhctbamnfdlhnjed/Build/Intermediates.noindex/DeskPetPomodoro.build/Debug/DeskPetPomodoro.build/DerivedSources -Xcc -DDEBUG\=1 -emit-objc-header -emit-objc-header-path /Users/priyamusale/Library/Developer/Xcode/DerivedData/DeskPetPomodoro-hldzvsefbkeirhctbamnfdlhnjed/Build/Intermediates.noindex/DeskPetPomodoro.build/Debug/DeskPetPomodoro.build/Objects-normal/arm64/DeskPetPomodoro-Swift.h -working-directory /Users/priyamusale/Documents/virtualpet/DeskPetPomodoro -experimental-emit-module-separately -disable-cmo

SwiftCompile normal arm64 Compiling\ GoalsPanelView.swift /Users/priyamusale/Documents/virtualpet/DeskPetPomodoro/DeskPetPomodoro/Views/PlannerPanel/GoalsPanelView.swift (in target 'DeskPetPomodoro' from project 'DeskPetPomodoro')

SwiftCompile normal arm64 /Users/priyamusale/Documents/virtualpet/DeskPetPomodoro/DeskPetPomodoro/Views/PlannerPanel/GoalsPanelView.swift (in target 'DeskPetPomodoro' from project 'DeskPetPomodoro')
    cd /Users/priyamusale/Documents/virtualpet/DeskPetPomodoro
    
/Users/priyamusale/Documents/virtualpet/DeskPetPomodoro/DeskPetPomodoro/Views/PlannerPanel/GoalsPanelView.swift:156:80: error: type 'Date.FormatStyle.TimeStyle' has no member 'none'
                    Text("Due: \(deadline.formatted(date: .abbreviated, time: .none))")
                                                                              ~^~~~

Failed frontend command:
/Applications/Xcode.app/Contents/Developer/Toolchains/XcodeDefault.xctoolchain/usr/bin/swift-frontend -frontend -c /Users/priyamusale/Documents/virtualpet/DeskPetPomodoro/DeskPetPomodoro/App/AppDelegate.swift /Users/priyamusale/Documents/virtualpet/DeskPetPomodoro/DeskPetPomodoro/App/DeskPetPomodoroApp.swift /Users/priyamusale/Documents/virtualpet/DeskPetPomodoro/DeskPetPomodoro/Extensions/Font+Custom.swift /Users/priyamusale/Documents/virtualpet/DeskPetPomodoro/DeskPetPomodoro/Models/Goal.swift -primary-file /Users/priyamusale/Documents/virtualpet/DeskPetPomodoro/DeskPetPomodoro/Views/PlannerPanel/GoalsPanelView.swift /Users/priyamusale/Documents/virtualpet/DeskPetPomodoro/DeskPetPomodoro/ViewModels/GoalsViewModel.swift /Users/priyamusale/Documents/virtualpet/DeskPetPomodoro/DeskPetPomodoro/Views/MainWindowView.swift /Users/priyamusale/Documents/virtualpet/DeskPetPomodoro/DeskPetPomodoro/Views/PetOverlay/PetCanvasView.swift /Users/priyamusale/Documents/virtualpet/DeskPetPomodoro/DeskPetPomodoro/Views/PetOverlay/PetOverlayView.swift /Users/priyamusale/Documents/virtualpet/DeskPetPomodoro/DeskPetPomodoro/Views/PetOverlay/PetOverlayWindowController.swift /Users/priyamusale/Documents/virtualpet/DeskPetPomodoro/DeskPetPomodoro/Views/Settings/PetPickerView.swift /Users/priyamusale/Documents/virtualpet/DeskPetPomodoro/DeskPetPomodoro/Models/PetPreferences.swift /Users/priyamusale/Documents/virtualpet/DeskPetPomodoro/DeskPetPomodoro/ViewModels/PetViewModel.swift /Users/priyamusale/Documents/virtualpet/DeskPetPomodoro/DeskPetPomodoro/Models/PlannerNote.swift /Users/priyamusale/Documents/virtualpet/DeskPetPomodoro/DeskPetPomodoro/Views/PlannerPanel/PlannerPanelView.swift /Users/priyamusale/Documents/virtualpet/DeskPetPomodoro/DeskPetPomodoro/ViewModels/PlannerViewModel.swift /Users/priyamusale/Documents/virtualpet/DeskPetPomodoro/DeskPetPomodoro/Models/PomodoroPhase.swift /Users/priyamusale/Documents/virtualpet/DeskPetPomodoro/DeskPetPomodoro/ViewModels/PomodoroViewModel.swift /Users/priyamusale/Documents/virtualpet/DeskPetPomodoro/DeskPetPomodoro/ViewModels/TaskViewModel.swift /Users/priyamusale/Documents/virtualpet/DeskPetPomodoro/DeskPetPomodoro/Views/TimerPanel/TimerPanelView.swift /Users/priyamusale/Documents/virtualpet/DeskPetPomodoro/DeskPetPomodoro/Views/TodoPanel/TodoPanelView.swift /Users/priyamusale/Documents/virtualpet/DeskPetPomodoro/DeskPetPomodoro/Models/TodoTask.swift /Users/priyamusale/Documents/virtualpet/DeskPetPomodoro/DeskPetPomodoro/Views/PetOverlay/TreatParticleView.swift /Users/priyamusale/Documents/virtualpet/DeskPetPomodoro/DeskPetPomodoro/Views/PlannerPanel/WagerCheckInView.swift /Users/priyamusale/Library/Developer/Xcode/DerivedData/DeskPetPomodoro-hldzvsefbkeirhctbamnfdlhnjed/Build/Intermediates.noindex/DeskPetPomodoro.build/Debug/DeskPetPomodoro.build/DerivedSources/GeneratedAssetSymbols.swift -emit-dependencies-path /Users/priyamusale/Library/Developer/Xcode/DerivedData/DeskPetPomodoro-hldzvsefbkeirhctbamnfdlhnjed/Build/Intermediates.noindex/DeskPetPomodoro.build/Debug/DeskPetPomodoro.build/Objects-normal/arm64/GoalsPanelView.d -emit-const-values-path /Users/priyamusale/Library/Developer/Xcode/DerivedData/DeskPetPomodoro-hldzvsefbkeirhctbamnfdlhnjed/Build/Intermediates.noindex/DeskPetPomodoro.build/Debug/DeskPetPomodoro.build/Objects-normal/arm64/GoalsPanelView.swiftconstvalues -emit-reference-dependencies-path /Users/priyamusale/Library/Developer/Xcode/DerivedData/DeskPetPomodoro-hldzvsefbkeirhctbamnfdlhnjed/Build/Intermediates.noindex/DeskPetPomodoro.build/Debug/DeskPetPomodoro.build/Objects-normal/arm64/GoalsPanelView.swiftdeps -serialize-diagnostics-path /Users/priyamusale/Library/Developer/Xcode/DerivedData/DeskPetPomodoro-hldzvsefbkeirhctbamnfdlhnjed/Build/Intermediates.noindex/DeskPetPomodoro.build/Debug/DeskPetPomodoro.build/Objects-normal/arm64/GoalsPanelView.dia -target arm64-apple-macos14.0 -module-can-import-version DeveloperToolsSupport 23.40.26 23.40.26 -disable-cross-import-overlay-search -swift-module-cross-import SwiftData /Applications/Xcode.app/Contents/Developer/Platforms/MacOSX.platform/Developer/SDKs/MacOSX26.5.sdk/System/Library/Frameworks/SwiftData.framework/Modules/SwiftData.swiftcrossimport/CoreData.swiftoverlay -swift-module-cross-import SwiftData /Applications/Xcode.app/Contents/Developer/Platforms/MacOSX.platform/Developer/SDKs/MacOSX26.5.sdk/System/Library/Frameworks/SwiftData.framework/Modules/SwiftData.swiftcrossimport/SwiftUI.swiftoverlay -load-resolved-plugin /Applications/Xcode.app/Contents/Developer/Platforms/MacOSX.platform/Developer/usr/lib/swift/host/plugins/libFoundationMacros.dylib\#/Applications/Xcode.app/Contents/Developer/Platforms/MacOSX.platform/Developer/usr/bin/swift-plugin-server\#FoundationMacros -load-resolved-plugin /Applications/Xcode.app/Contents/Developer/Platforms/MacOSX.platform/Developer/usr/lib/swift/host/plugins/libObservationMacros.dylib\#/Applications/Xcode.app/Contents/Developer/Platforms/MacOSX.platform/Developer/usr/bin/swift-plugin-server\#ObservationMacros -load-resolved-plugin /Applications/Xcode.app/Contents/Developer/Platforms/MacOSX.platform/Developer/usr/lib/swift/host/plugins/libPreviewsMacros.dylib\#/Applications/Xcode.app/Contents/Developer/Platforms/MacOSX.platform/Developer/usr/bin/swift-plugin-server\#PreviewsMacros -load-resolved-plugin /Applications/Xcode.app/Contents/Developer/Platforms/MacOSX.platform/Developer/usr/lib/swift/host/plugins/libSwiftDataMacros.dylib\#/Applications/Xcode.app/Contents/Developer/Platforms/MacOSX.platform/Developer/usr/bin/swift-plugin-server\#SwiftDataMacros -load-resolved-plugin /Applications/Xcode.app/Contents/Developer/Platforms/MacOSX.platform/Developer/usr/lib/swift/host/plugins/libSwiftMacros.dylib\#/Applications/Xcode.app/Contents/Developer/Platforms/MacOSX.platform/Developer/usr/bin/swift-plugin-server\#SwiftMacros -load-resolved-plugin /Applications/Xcode.app/Contents/Developer/Platforms/MacOSX.platform/Developer/usr/lib/swift/host/plugins/libSwiftUIMacros.dylib\#/Applications/Xcode.app/Contents/Developer/Platforms/MacOSX.platform/Developer/usr/bin/swift-plugin-server\#SwiftUIMacros -disable-implicit-swift-modules -Xcc -fno-implicit-modules -Xcc -fno-implicit-module-maps -explicit-swift-module-map-file /Users/priyamusale/Library/Developer/Xcode/DerivedData/DeskPetPomodoro-hldzvsefbkeirhctbamnfdlhnjed/Build/Intermediates.noindex/DeskPetPomodoro.build/Debug/DeskPetPomodoro.build/Objects-normal/arm64/DeskPetPomodoro-dependencies-1.json -debug-module-path /Users/priyamusale/Library/Developer/Xcode/DerivedData/DeskPetPomodoro-hldzvsefbkeirhctbamnfdlhnjed/Build/Intermediates.noindex/DeskPetPomodoro.build/Debug/DeskPetPomodoro.build/Objects-normal/arm64/DeskPetPomodoro.swiftmodule -Xllvm -aarch64-use-tbi -enable-objc-interop -stack-check -sdk /Applications/Xcode.app/Contents/Developer/Platforms/MacOSX.platform/Developer/SDKs/MacOSX26.5.sdk -I /Users/priyamusale/Library/Developer/Xcode/DerivedData/DeskPetPomodoro-hldzvsefbkeirhctbamnfdlhnjed/Build/Products/Debug -F /Users/priyamusale/Library/Developer/Xcode/DerivedData/DeskPetPomodoro-hldzvsefbkeirhctbamnfdlhnjed/Build/Products/Debug -no-color-diagnostics -Xcc -fno-color-diagnostics -enable-testing -g -debug-info-format\=dwarf -dwarf-version\=4 -module-cache-path /Users/priyamusale/Library/Developer/Xcode/DerivedData/DeskPetPomodoro-hldzvsefbkeirhctbamnfdlhnjed/Build/Intermediates.noindex/SwiftExplicitPrecompiledModules -swift-version 5 -Onone -D DEBUG -serialize-debugging-options -const-gather-protocols-file /Users/priyamusale/Library/Developer/Xcode/DerivedData/DeskPetPomodoro-hldzvsefbkeirhctbamnfdlhnjed/Build/Intermediates.noindex/DeskPetPomodoro.build/Debug/DeskPetPomodoro.build/Objects-normal/arm64/DeskPetPomodoro_const_extract_protocols.json -enable-experimental-feature DebugDescriptionMacro -enable-bare-slash-regex -empty-abi-descriptor -validate-clang-modules-once -clang-build-session-file /Users/priyamusale/Library/Developer/Xcode/DerivedData/ModuleCache.noindex/Session.modulevalidation -Xcc -working-directory -Xcc /Users/priyamusale/Documents/virtualpet/DeskPetPomodoro -enable-anonymous-context-mangled-names -file-compilation-dir /Users/priyamusale/Documents/virtualpet/DeskPetPomodoro -Xcc -D_LIBCPP_HARDENING_MODE\=_LIBCPP_HARDENING_MODE_DEBUG -Xcc -ivfsstatcache -Xcc /Users/priyamusale/Library/Developer/Xcode/DerivedData/SDKStatCaches.noindex/macosx26.5-25F70-e082c4a02f00227109f4ed75e425c832.sdkstatcache -Xcc -I/Users/priyamusale/Library/Developer/Xcode/DerivedData/DeskPetPomodoro-hldzvsefbkeirhctbamnfdlhnjed/Build/Intermediates.noindex/DeskPetPomodoro.build/Debug/DeskPetPomodoro.build/swift-overrides.hmap -Xcc -iquote -Xcc /Users/priyamusale/Library/Developer/Xcode/DerivedData/DeskPetPomodoro-hldzvsefbkeirhctbamnfdlhnjed/Build/Intermediates.noindex/DeskPetPomodoro.build/Debug/DeskPetPomodoro.build/DeskPetPomodoro-generated-files.hmap -Xcc -I/Users/priyamusale/Library/Developer/Xcode/DerivedData/DeskPetPomodoro-hldzvsefbkeirhctbamnfdlhnjed/Build/Intermediates.noindex/DeskPetPomodoro.build/Debug/DeskPetPomodoro.build/DeskPetPomodoro-own-target-headers.hmap -Xcc -I/Users/priyamusale/Library/Developer/Xcode/DerivedData/DeskPetPomodoro-hldzvsefbkeirhctbamnfdlhnjed/Build/Intermediates.noindex/DeskPetPomodoro.build/Debug/DeskPetPomodoro.build/DeskPetPomodoro-all-target-headers.hmap -Xcc -iquote -Xcc /Users/priyamusale/Library/Developer/Xcode/DerivedData/DeskPetPomodoro-hldzvsefbkeirhctbamnfdlhnjed/Build/Intermediates.noindex/DeskPetPomodoro.build/Debug/DeskPetPomodoro.build/DeskPetPomodoro-project-headers.hmap -Xcc -I/Users/priyamusale/Library/Developer/Xcode/DerivedData/DeskPetPomodoro-hldzvsefbkeirhctbamnfdlhnjed/Build/Products/Debug/include -Xcc -I/Users/priyamusale/Library/Developer/Xcode/DerivedData/DeskPetPomodoro-hldzvsefbkeirhctbamnfdlhnjed/Build/Intermediates.noindex/DeskPetPomodoro.build/Debug/DeskPetPomodoro.build/DerivedSources-normal/arm64 -Xcc -I/Users/priyamusale/Library/Developer/Xcode/DerivedData/DeskPetPomodoro-hldzvsefbkeirhctbamnfdlhnjed/Build/Intermediates.noindex/DeskPetPomodoro.build/Debug/DeskPetPomodoro.build/DerivedSources/arm64 -Xcc -I/Users/priyamusale/Library/Developer/Xcode/DerivedData/DeskPetPomodoro-hldzvsefbkeirhctbamnfdlhnjed/Build/Intermediates.noindex/DeskPetPomodoro.build/Debug/DeskPetPomodoro.build/DerivedSources -Xcc -DDEBUG\=1 -no-auto-bridging-header-chaining -module-name DeskPetPomodoro -frontend-parseable-output -disable-clang-spi -clang-target arm64-apple-macos26.5 -target-sdk-version 26.5 -target-sdk-name macosx26.5 -in-process-plugin-server-path /Applications/Xcode.app/Contents/Developer/Toolchains/XcodeDefault.xctoolchain/usr/lib/swift/host/libSwiftInProcPluginServer.dylib -o /Users/priyamusale/Library/Developer/Xcode/DerivedData/DeskPetPomodoro-hldzvsefbkeirhctbamnfdlhnjed/Build/Intermediates.noindex/DeskPetPomodoro.build/Debug/DeskPetPomodoro.build/Objects-normal/arm64/GoalsPanelView.o -index-unit-output-path /DeskPetPomodoro.build/Debug/DeskPetPomodoro.build/Objects-normal/arm64/GoalsPanelView.o -index-store-path /Users/priyamusale/Library/Developer/Xcode/DerivedData/DeskPetPomodoro-hldzvsefbkeirhctbamnfdlhnjed/Index.noindex/DataStore -index-system-modules
SwiftEmitModule normal arm64 Emitting\ module\ for\ DeskPetPomodoro (in target 'DeskPetPomodoro' from project 'DeskPetPomodoro')
EmitSwiftModule normal arm64 (in target 'DeskPetPomodoro' from project 'DeskPetPomodoro')
    cd /Users/priyamusale/Documents/virtualpet/DeskPetPomodoro
    

** BUILD FAILED **


The following build commands failed:
	SwiftCompile normal arm64 /Users/priyamusale/Documents/virtualpet/DeskPetPomodoro/DeskPetPomodoro/Views/PlannerPanel/GoalsPanelView.swift (in target 'DeskPetPomodoro' from project 'DeskPetPomodoro')
	SwiftCompile normal arm64 Compiling\ GoalsPanelView.swift /Users/priyamusale/Documents/virtualpet/DeskPetPomodoro/DeskPetPomodoro/Views/PlannerPanel/GoalsPanelView.swift (in target 'DeskPetPomodoro' from project 'DeskPetPomodoro')
	Building project DeskPetPomodoro with scheme DeskPetPomodoro and configuration Debug
(3 failures)
